Archive member included to satisfy reference by file (symbol)

.\CortexM3\ARM_GCC_541\Debug\Final_Design.a(WaveDAC8_1.o)
                              .\CortexM3\ARM_GCC_541\Debug\functions.o (WaveDAC8_1_Start)
.\CortexM3\ARM_GCC_541\Debug\Final_Design.a(ADC.o)
                              .\CortexM3\ARM_GCC_541\Debug\functions.o (ADC_Start)
.\CortexM3\ARM_GCC_541\Debug\Final_Design.a(ADC_INT.o)
                              .\CortexM3\ARM_GCC_541\Debug\Final_Design.a(ADC.o) (ADC_ISR1)
.\CortexM3\ARM_GCC_541\Debug\Final_Design.a(led_green.o)
                              .\CortexM3\ARM_GCC_541\Debug\functions.o (led_green_Write)
.\CortexM3\ARM_GCC_541\Debug\Final_Design.a(led_orange.o)
                              .\CortexM3\ARM_GCC_541\Debug\functions.o (led_orange_Write)
.\CortexM3\ARM_GCC_541\Debug\Final_Design.a(led_red.o)
                              .\CortexM3\ARM_GCC_541\Debug\functions.o (led_red_Write)
.\CortexM3\ARM_GCC_541\Debug\Final_Design.a(UART_LOG.o)
                              .\CortexM3\ARM_GCC_541\Debug\functions.o (UART_LOG_Start)
.\CortexM3\ARM_GCC_541\Debug\Final_Design.a(Button.o)
                              .\CortexM3\ARM_GCC_541\Debug\functions.o (Button_ClearInterrupt)
.\CortexM3\ARM_GCC_541\Debug\Final_Design.a(isr_Button.o)
                              .\CortexM3\ARM_GCC_541\Debug\functions.o (isr_Button_StartEx)
.\CortexM3\ARM_GCC_541\Debug\Final_Design.a(WaveDAC8_1_DacClk.o)
                              .\CortexM3\ARM_GCC_541\Debug\Final_Design.a(WaveDAC8_1.o) (WaveDAC8_1_DacClk_Start)
.\CortexM3\ARM_GCC_541\Debug\Final_Design.a(WaveDAC8_1_Wave1_DMA_dma.o)
                              .\CortexM3\ARM_GCC_541\Debug\Final_Design.a(WaveDAC8_1.o) (WaveDAC8_1_Wave1_DMA_DmaInitialize)
.\CortexM3\ARM_GCC_541\Debug\Final_Design.a(WaveDAC8_1_Wave2_DMA_dma.o)
                              .\CortexM3\ARM_GCC_541\Debug\Final_Design.a(WaveDAC8_1.o) (WaveDAC8_1_Wave2_DMA_DmaInitialize)
.\CortexM3\ARM_GCC_541\Debug\Final_Design.a(WaveDAC8_1_VDAC8.o)
                              .\CortexM3\ARM_GCC_541\Debug\Final_Design.a(WaveDAC8_1.o) (WaveDAC8_1_VDAC8_Enable)
.\CortexM3\ARM_GCC_541\Debug\Final_Design.a(ADC_AMux.o)
                              .\CortexM3\ARM_GCC_541\Debug\Final_Design.a(ADC.o) (ADC_AMux_Select)
.\CortexM3\ARM_GCC_541\Debug\Final_Design.a(ADC_Ext_CP_Clk.o)
                              .\CortexM3\ARM_GCC_541\Debug\Final_Design.a(ADC.o) (ADC_Ext_CP_Clk_SetModeRegister)
.\CortexM3\ARM_GCC_541\Debug\Final_Design.a(ADC_theACLK.o)
                              .\CortexM3\ARM_GCC_541\Debug\Final_Design.a(ADC.o) (ADC_theACLK_SetModeRegister)
.\CortexM3\ARM_GCC_541\Debug\Final_Design.a(UART_LOG_IntClock.o)
                              .\CortexM3\ARM_GCC_541\Debug\Final_Design.a(UART_LOG.o) (UART_LOG_IntClock_Start)
.\CortexM3\ARM_GCC_541\Debug\Final_Design.a(CyDmac.o)
                              .\CortexM3\ARM_GCC_541\Debug\Cm3Start.o (CyDmacConfigure)
.\CortexM3\ARM_GCC_541\Debug\Final_Design.a(CyLib.o)
                              .\CortexM3\ARM_GCC_541\Debug\Cm3Start.o (CyHalt)
.\CortexM3\ARM_GCC_541\Debug\Final_Design.a(cyPm.o)
                              .\CortexM3\ARM_GCC_541\Debug\Final_Design.a(CyLib.o) (CyPmReadStatus)
.\CortexM3\ARM_GCC_541\Debug\Final_Design.a(isr_UART.o)
                              .\CortexM3\ARM_GCC_541\Debug\functions.o (isr_UART_StartEx)
.\CortexM3\ARM_GCC_541\Debug\Final_Design.a(CyBootAsmGnu.o)
                              .\CortexM3\ARM_GCC_541\Debug\cyfitter_cfg.o (CyDelayCycles)
.\CortexM3\ARM_GCC_541\Debug\Final_Design.a(CyFlash.o)
                              .\CortexM3\ARM_GCC_541\Debug\Final_Design.a(cyPm.o) (CyFlash_SetWaitCycles)
.\CortexM3\ARM_GCC_541\Debug\Final_Design.a(CySpc.o)
                              .\CortexM3\ARM_GCC_541\Debug\Final_Design.a(CyFlash.o) (CySpcStart)
d:/psoc creator/4.4/psoc creator/import/gnu/arm/5.4.1/bin/../lib/gcc/arm-none-eabi/5.4.1/armv7-m\libgcc.a(_arm_addsubdf3.o)
                              .\CortexM3\ARM_GCC_541\Debug\Final_Design.a(ADC.o) (__aeabi_f2d)
d:/psoc creator/4.4/psoc creator/import/gnu/arm/5.4.1/bin/../lib/gcc/arm-none-eabi/5.4.1/armv7-m\libgcc.a(_arm_cmpdf2.o)
                              .\CortexM3\ARM_GCC_541\Debug\Final_Design.a(ADC.o) (__aeabi_dcmpgt)
d:/psoc creator/4.4/psoc creator/import/gnu/arm/5.4.1/bin/../lib/gcc/arm-none-eabi/5.4.1/armv7-m\libgcc.a(_arm_addsubsf3.o)
                              .\CortexM3\ARM_GCC_541\Debug\Final_Design.a(ADC.o) (__aeabi_ui2f)
d:/psoc creator/4.4/psoc creator/import/gnu/arm/5.4.1/bin/../lib/gcc/arm-none-eabi/5.4.1/armv7-m\libgcc.a(_arm_muldivsf3.o)
                              .\CortexM3\ARM_GCC_541\Debug\Final_Design.a(ADC.o) (__aeabi_fmul)
d:/psoc creator/4.4/psoc creator/import/gnu/arm/5.4.1/bin/../lib/gcc/arm-none-eabi/5.4.1/armv7-m\libgcc.a(_arm_fixunssfsi.o)
                              .\CortexM3\ARM_GCC_541\Debug\Final_Design.a(ADC.o) (__aeabi_f2uiz)
[...]
Memory Configuration

Name             Origin             Length             Attributes
rom              0x00000000         0x00040000         xr
ram              0x1fff8000         0x00010000         xrw
*default*        0x00000000         0xffffffff

Linker script and memory map

LOAD d:/psoc creator/4.4/psoc creator/import/gnu/arm/5.4.1/bin/../lib/gcc/arm-none-eabi/5.4.1/armv7-m/crti.o
LOAD d:/psoc creator/4.4/psoc creator/import/gnu/arm/5.4.1/bin/../lib/gcc/arm-none-eabi/5.4.1/armv7-m/crtbegin.o
LOAD d:/psoc creator/4.4/psoc creator/import/gnu/arm/5.4.1/bin/../lib/gcc/arm-none-eabi/5.4.1/../../../../arm-none-eabi/lib/armv7-m/crt0.o
START GROUP
LOAD .\CortexM3\ARM_GCC_541\Debug\main.o
LOAD .\CortexM3\ARM_GCC_541\Debug\functions.o
LOAD .\CortexM3\ARM_GCC_541\Debug\cyfitter_cfg.o
LOAD .\CortexM3\ARM_GCC_541\Debug\cymetadata.o
LOAD .\CortexM3\ARM_GCC_541\Debug\Cm3Start.o
LOAD .\CortexM3\ARM_GCC_541\Debug\Final_Design.a
LOAD D:\PSoC Creator\4.4\PSoC Creator\psoc\content\cycomponentlibrary\CyComponentLibrary.cylib\CortexM3\ARM_GCC_541\Debug\CyComponentLibrary.a
END GROUP
START GROUP
LOAD d:/psoc creator/4.4/psoc creator/import/gnu/arm/5.4.1/bin/../lib/gcc/arm-none-eabi/5.4.1/armv7-m\libgcc.a
LOAD d:/psoc creator/4.4/psoc creator/import/gnu/arm/5.4.1/bin/../lib/gcc/arm-none-eabi/5.4.1/../../../../arm-none-eabi/lib/armv7-m\libg_nano.a
LOAD d:/psoc creator/4.4/psoc creator/import/gnu/arm/5.4.1/bin/../lib/gcc/arm-none-eabi/5.4.1/../../../../arm-none-eabi/lib/armv7-m\libc_nano.a
END GROUP
START GROUP
LOAD d:/psoc creator/4.4/psoc creator/import/gnu/arm/5.4.1/bin/../lib/gcc/arm-none-eabi/5.4.1/armv7-m\libgcc.a
LOAD d:/psoc creator/4.4/psoc creator/import/gnu/arm/5.4.1/bin/../lib/gcc/arm-none-eabi/5.4.1/../../../../arm-none-eabi/lib/armv7-m\libc_nano.a
END GROUP
LOAD d:/psoc creator/4.4/psoc creator/import/gnu/arm/5.4.1/bin/../lib/gcc/arm-none-eabi/5.4.1/armv7-m/crtend.o
LOAD d:/psoc creator/4.4/psoc creator/import/gnu/arm/5.4.1/bin/../lib/gcc/arm-none-eabi/5.4.1/armv7-m/crtn.o
START GROUP
LOAD d:/psoc creator/4.4/psoc creator/import/gnu/arm/5.4.1/bin/../lib/gcc/arm-none-eabi/5.4.1/armv7-m\libgcc.a
LOAD d:/psoc creator/4.4/psoc creator/import/gnu/arm/5.4.1/bin/../lib/gcc/arm-none-eabi/5.4.1/../../../../arm-none-eabi/lib/armv7-m\libc.a
LOAD d:/psoc creator/4.4/psoc creator/import/gnu/arm/5.4.1/bin/../lib/gcc/arm-none-eabi/5.4.1/../../../../arm-none-eabi/lib/armv7-m\libnosys.a
END GROUP
                0x00000000                CY_APPL_ORIGIN = 0x0
                0x00000100                CY_FLASH_ROW_SIZE = 0x100
                0x00000020                CY_ECC_ROW_SIZE = 0x20
                0x00000000                CY_EE_IN_BTLDR = 0x0
                0x00000000                CY_APPL_LOADABLE = 0x0
                0x00000800                CY_EE_SIZE = 0x800
                0x00000001                CY_APPL_NUM = 0x1
                0x00000001                CY_APPL_MAX = 0x1
                0x00000040                CY_METADATA_SIZE = 0x40
                0x00000000                CY_APPL_LOADABLE = 0x0
                0x00000000                CY_CHECKSUM_EXCLUDE_SIZE = ALIGN (0x0, CY_FLASH_ROW_SIZE)
                [!provide]                PROVIDE (__cy_heap_start, _end)
                0x00000001                PROVIDE (__cy_region_num, ((__cy_regions_end - __cy_regions) / 0x10))
                0x20008000                PROVIDE (__cy_stack, (ORIGIN (ram) + LENGTH (ram)))
                [!provide]                PROVIDE (__cy_heap_end, (__cy_stack - 0x800))

.cybootloader   0x00000000        0x0
 *(.cybootloader)
                0x00000000                appl1_start = CY_APPL_ORIGIN?CY_APPL_ORIGIN:ALIGN (CY_FLASH_ROW_SIZE)
                0x0001ff00                appl2_start = (appl1_start + ALIGN ((((LENGTH (rom) - appl1_start) - (0x2 * CY_FLASH_ROW_SIZE)) / 0x2), CY_FLASH_ROW_SIZE))
                0x00000000                appl_start = (CY_APPL_NUM == 0x1)?appl1_start:appl2_start
                0x00000000                ecc_offset = ((appl_start / CY_FLASH_ROW_SIZE) * CY_ECC_ROW_SIZE)
                0x00000000                ee_offset = (CY_APPL_LOADABLE && ! (CY_EE_IN_BTLDR))?((CY_EE_SIZE / CY_APPL_MAX) * (CY_APPL_NUM - 0x1)):0x0
                0x00000800                ee_size = (CY_APPL_LOADABLE && ! (CY_EE_IN_BTLDR))?(CY_EE_SIZE / CY_APPL_MAX):CY_EE_SIZE
                [!provide]                PROVIDE (CY_ECC_OFFSET, ecc_offset)

.text           0x00000000     0x139e
 CREATE_OBJECT_SYMBOLS
                0x00000000                PROVIDE (__cy_interrupt_vector, RomVectors)
 *(.romvectors)
 .romvectors    0x00000000       0x10 .\CortexM3\ARM_GCC_541\Debug\Cm3Start.o
                0x00000000                RomVectors
                0x00000001                ASSERT ((. != __cy_interrupt_vector), No interrupt vector)
                0x00000001                ASSERT (CY_APPL_ORIGIN?(SIZEOF (.cybootloader) <= CY_APPL_ORIGIN):0x1, Wrong image location)
                0x00000010                PROVIDE (__cy_reset, Reset)
 *(.text.Reset)
 .text.Reset    0x00000010       0x18 .\CortexM3\ARM_GCC_541\Debug\Cm3Start.o
                0x00000010                Reset
                0x00000001                ASSERT ((. != __cy_reset), No reset code)
 *(.dma_init)
                0x00000001                ASSERT ((((appl_start + .) <= 0x10000) || 0x1), DMA Init must be within the first 64k of flash)
 *(.text .text.* .gnu.linkonce.t.*)
 .text          0x00000028       0x5c d:/psoc creator/4.4/psoc creator/import/gnu/arm/5.4.1/bin/../lib/gcc/arm-none-eabi/5.4.1/armv7-m/crtbegin.o
 .text.main     0x00000084       0xcc .\CortexM3\ARM_GCC_541\Debug\main.o
                0x00000084                main
 .text.Button_ISR_Handler
                0x00000150       0x18 .\CortexM3\ARM_GCC_541\Debug\functions.o
                0x00000150                Button_ISR_Handler
 .text.UART_ISR_Handler
                0x00000168       0x28 .\CortexM3\ARM_GCC_541\Debug\functions.o
                0x00000168                UART_ISR_Handler
 .text.sampleADC
                0x00000190       0x2c .\CortexM3\ARM_GCC_541\Debug\functions.o
                0x00000190                sampleADC
 .text.uartSendBuffer
                0x000001bc       0x28 .\CortexM3\ARM_GCC_541\Debug\functions.o
                0x000001bc                uartSendBuffer
 .text.updateLEDs
                0x000001e4       0x18 .\CortexM3\ARM_GCC_541\Debug\functions.o
                0x000001e4                updateLEDs
 .text.initializeHardware
                0x000001fc       0x30 .\CortexM3\ARM_GCC_541\Debug\functions.o
                0x000001fc                initializeHardware
 .text.flushRxBuffer
                0x0000022c       0x14 .\CortexM3\ARM_GCC_541\Debug\functions.o
                0x0000022c                flushRxBuffer
 .text.CyClockStartupError
                0x00000240        0x4 .\CortexM3\ARM_GCC_541\Debug\cyfitter_cfg.o
 .text.cfg_write_bytes32
                0x00000244       0x34 .\CortexM3\ARM_GCC_541\Debug\cyfitter_cfg.o
 .text.AnalogSetDefault
                0x00000278       0x40 .\CortexM3\ARM_GCC_541\Debug\cyfitter_cfg.o
 .text.CYMEMZERO
                0x000002b8        0xc .\CortexM3\ARM_GCC_541\Debug\cyfitter_cfg.o
 .text.CYCONFIGCPY
                0x000002c4        0x8 .\CortexM3\ARM_GCC_541\Debug\cyfitter_cfg.o
 .text.ClockSetup
                0x000002cc       0xfc .\CortexM3\ARM_GCC_541\Debug\cyfitter_cfg.o
 .text.ADC_AMux_Set
                0x000003c8       0x1c .\CortexM3\ARM_GCC_541\Debug\cyfitter_cfg.o
                0x000003c8                ADC_AMux_Set
 .text.ADC_AMux_Unset
                0x000003e4       0x1c .\CortexM3\ARM_GCC_541\Debug\cyfitter_cfg.o
                0x000003e4                ADC_AMux_Unset
 .text.cyfitter_cfg
                0x00000400      0x110 .\CortexM3\ARM_GCC_541\Debug\cyfitter_cfg.o
                0x00000400                cyfitter_cfg
 .text.IntDefaultHandler
                0x00000510       0x10 .\CortexM3\ARM_GCC_541\Debug\Cm3Start.o
                0x00000510                IntDefaultHandler
 .text.Start_c  0x00000520       0x4c .\CortexM3\ARM_GCC_541\Debug\Cm3Start.o
                0x00000520                Start_c
 .text.initialize_psoc
                0x0000056c       0x6c .\CortexM3\ARM_GCC_541\Debug\Cm3Start.o
                0x0000056c                initialize_psoc
 .text.WaveDAC8_1_Enable
                0x000005d8       0x28 .\CortexM3\ARM_GCC_541\Debug\Final_Design.a(WaveDAC8_1.o)
                0x000005d8                WaveDAC8_1_Enable
 .text.WaveDAC8_1_Wave1Setup
                0x00000600       0x40 .\CortexM3\ARM_GCC_541\Debug\Final_Design.a(WaveDAC8_1.o)
                0x00000600                WaveDAC8_1_Wave1Setup
 .text.WaveDAC8_1_Wave2Setup
                0x00000640       0x40 .\CortexM3\ARM_GCC_541\Debug\Final_Design.a(WaveDAC8_1.o)
                0x00000640                WaveDAC8_1_Wave2Setup
 .text.WaveDAC8_1_Init
                0x00000680       0x40 .\CortexM3\ARM_GCC_541\Debug\Final_Design.a(WaveDAC8_1.o)
                0x00000680                WaveDAC8_1_Init
 .text.WaveDAC8_1_Start
                0x000006c0       0x1c .\CortexM3\ARM_GCC_541\Debug\Final_Design.a(WaveDAC8_1.o)
                0x000006c0                WaveDAC8_1_Start
 .text.ADC_GainCompensation
                0x000006dc       0xdc .\CortexM3\ARM_GCC_541\Debug\Final_Design.a(ADC.o)
 .text.ADC_SetDSMRef0Reg
                0x000007b8       0x4c .\CortexM3\ARM_GCC_541\Debug\Final_Design.a(ADC.o)
 .text.ADC_InitConfig
                0x00000804       0xe8 .\CortexM3\ARM_GCC_541\Debug\Final_Design.a(ADC.o)
 .text.ADC_Init
                0x000008ec       0xc4 .\CortexM3\ARM_GCC_541\Debug\Final_Design.a(ADC.o)
                0x000008ec                ADC_Init
 .text.ADC_Enable
                0x000009b0       0xd4 .\CortexM3\ARM_GCC_541\Debug\Final_Design.a(ADC.o)
                0x000009b0                ADC_Enable
 .text.ADC_Start
                0x00000a84       0x28 .\CortexM3\ARM_GCC_541\Debug\Final_Design.a(ADC.o)
                0x00000a84                ADC_Start
 .text.ADC_StartConvert
                0x00000aac       0x10 .\CortexM3\ARM_GCC_541\Debug\Final_Design.a(ADC.o)
                0x00000aac                ADC_StartConvert
 .text.ADC_IsEndConversion
                0x00000abc       0x30 .\CortexM3\ARM_GCC_541\Debug\Final_Design.a(ADC.o)
                0x00000abc                ADC_IsEndConversion
 .text.ADC_GetResult16
                0x00000aec       0x50 .\CortexM3\ARM_GCC_541\Debug\Final_Design.a(ADC.o)
                0x00000aec                ADC_GetResult16
 .text.ADC_ISR1
                0x00000b3c        0x4 .\CortexM3\ARM_GCC_541\Debug\Final_Design.a(ADC_INT.o)
                0x00000b3c                ADC_ISR1
 .text.led_green_Write
                0x00000b40       0x18 .\CortexM3\ARM_GCC_541\Debug\Final_Design.a(led_green.o)
                0x00000b40                led_green_Write
 .text.led_orange_Write
                0x00000b58       0x18 .\CortexM3\ARM_GCC_541\Debug\Final_Design.a(led_orange.o)
                0x00000b58                led_orange_Write
 .text.led_red_Write
                0x00000b70       0x18 .\CortexM3\ARM_GCC_541\Debug\Final_Design.a(led_red.o)
                0x00000b70                led_red_Write
 .text.UART_LOG_Init
                0x00000b88       0x24 .\CortexM3\ARM_GCC_541\Debug\Final_Design.a(UART_LOG.o)
                0x00000b88                UART_LOG_Init
 .text.UART_LOG_Enable
                0x00000bac       0x38 .\CortexM3\ARM_GCC_541\Debug\Final_Design.a(UART_LOG.o)
                0x00000bac                UART_LOG_Enable
 .text.UART_LOG_Start
                0x00000be4       0x1c .\CortexM3\ARM_GCC_541\Debug\Final_Design.a(UART_LOG.o)
                0x00000be4                UART_LOG_Start
 .text.UART_LOG_GetChar
                0x00000c00       0x2c .\CortexM3\ARM_GCC_541\Debug\Final_Design.a(UART_LOG.o)
                0x00000c00                UART_LOG_GetChar
 .text.UART_LOG_GetRxBufferSize
                0x00000c2c       0x18 .\CortexM3\ARM_GCC_541\Debug\Final_Design.a(UART_LOG.o)
                0x00000c2c                UART_LOG_GetRxBufferSize
 .text.UART_LOG_PutChar
                0x00000c44       0x18 .\CortexM3\ARM_GCC_541\Debug\Final_Design.a(UART_LOG.o)
                0x00000c44                UART_LOG_PutChar
 .text.Button_ClearInterrupt
                0x00000c5c        0xc .\CortexM3\ARM_GCC_541\Debug\Final_Design.a(Button.o)
                0x00000c5c                Button_ClearInterrupt
 .text.isr_Button_SetVector
                0x00000c68        0xc .\CortexM3\ARM_GCC_541\Debug\Final_Design.a(isr_Button.o)
                0x00000c68                isr_Button_SetVector
 .text.isr_Button_SetPriority
                0x00000c74       0x10 .\CortexM3\ARM_GCC_541\Debug\Final_Design.a(isr_Button.o)
                0x00000c74                isr_Button_SetPriority
 .text.isr_Button_Enable
                0x00000c84        0xc .\CortexM3\ARM_GCC_541\Debug\Final_Design.a(isr_Button.o)
                0x00000c84                isr_Button_Enable
 .text.isr_Button_Disable
                0x00000c90        0xc .\CortexM3\ARM_GCC_541\Debug\Final_Design.a(isr_Button.o)
                0x00000c90                isr_Button_Disable
 .text.isr_Button_StartEx
                0x00000c9c       0x1c .\CortexM3\ARM_GCC_541\Debug\Final_Design.a(isr_Button.o)
                0x00000c9c                isr_Button_StartEx
 .text.isr_Button_ClearPending
                0x00000cb8        0xc .\CortexM3\ARM_GCC_541\Debug\Final_Design.a(isr_Button.o)
                0x00000cb8                isr_Button_ClearPending
 .text.WaveDAC8_1_DacClk_Start
                0x00000cc4       0x1c .\CortexM3\ARM_GCC_541\Debug\Final_Design.a(WaveDAC8_1_DacClk.o)
                0x00000cc4                WaveDAC8_1_DacClk_Start
 .text.WaveDAC8_1_Wave1_DMA_DmaInitialize
                0x00000ce0       0x3c .\CortexM3\ARM_GCC_541\Debug\Final_Design.a(WaveDAC8_1_Wave1_DMA_dma.o)
                0x00000ce0                WaveDAC8_1_Wave1_DMA_DmaInitialize
 .text.WaveDAC8_1_Wave2_DMA_DmaInitialize
                0x00000d1c       0x3c .\CortexM3\ARM_GCC_541\Debug\Final_Design.a(WaveDAC8_1_Wave2_DMA_dma.o)
                0x00000d1c                WaveDAC8_1_Wave2_DMA_DmaInitialize
 .text.WaveDAC8_1_VDAC8_Enable
                0x00000d58       0x1c .\CortexM3\ARM_GCC_541\Debug\Final_Design.a(WaveDAC8_1_VDAC8.o)
                0x00000d58                WaveDAC8_1_VDAC8_Enable
 .text.WaveDAC8_1_VDAC8_SetSpeed
                0x00000d74       0x1c .\CortexM3\ARM_GCC_541\Debug\Final_Design.a(WaveDAC8_1_VDAC8.o)
                0x00000d74                WaveDAC8_1_VDAC8_SetSpeed
 .text.WaveDAC8_1_VDAC8_SetValue
                0x00000d90        0xc .\CortexM3\ARM_GCC_541\Debug\Final_Design.a(WaveDAC8_1_VDAC8.o)
                0x00000d90                WaveDAC8_1_VDAC8_SetValue
 .text.WaveDAC8_1_VDAC8_DacTrim
                0x00000d9c       0x24 .\CortexM3\ARM_GCC_541\Debug\Final_Design.a(WaveDAC8_1_VDAC8.o)
                0x00000d9c                WaveDAC8_1_VDAC8_DacTrim
 .text.WaveDAC8_1_VDAC8_SetRange
                0x00000dc0       0x20 .\CortexM3\ARM_GCC_541\Debug\Final_Design.a(WaveDAC8_1_VDAC8.o)
                0x00000dc0                WaveDAC8_1_VDAC8_SetRange
 .text.WaveDAC8_1_VDAC8_Init
                0x00000de0       0x2c .\CortexM3\ARM_GCC_541\Debug\Final_Design.a(WaveDAC8_1_VDAC8.o)
                0x00000de0                WaveDAC8_1_VDAC8_Init
 .text.ADC_AMux_Start
                0x00000e0c       0x20 .\CortexM3\ARM_GCC_541\Debug\Final_Design.a(ADC_AMux.o)
                0x00000e0c                ADC_AMux_Start
 .text.ADC_AMux_Select
                0x00000e2c       0x18 .\CortexM3\ARM_GCC_541\Debug\Final_Design.a(ADC_AMux.o)
                0x00000e2c                ADC_AMux_Select
 .text.ADC_Ext_CP_Clk_GetDividerRegister
                0x00000e44        0xc .\CortexM3\ARM_GCC_541\Debug\Final_Design.a(ADC_Ext_CP_Clk.o)
                0x00000e44                ADC_Ext_CP_Clk_GetDividerRegister
 .text.ADC_Ext_CP_Clk_SetModeRegister
                0x00000e50       0x14 .\CortexM3\ARM_GCC_541\Debug\Final_Design.a(ADC_Ext_CP_Clk.o)
                0x00000e50                ADC_Ext_CP_Clk_SetModeRegister
 .text.ADC_Ext_CP_Clk_GetSourceRegister
                0x00000e64       0x10 .\CortexM3\ARM_GCC_541\Debug\Final_Design.a(ADC_Ext_CP_Clk.o)
                0x00000e64                ADC_Ext_CP_Clk_GetSourceRegister
 .text.ADC_Ext_CP_Clk_SetDividerRegister
                0x00000e74       0xd8 .\CortexM3\ARM_GCC_541\Debug\Final_Design.a(ADC_Ext_CP_Clk.o)
                0x00000e74                ADC_Ext_CP_Clk_SetDividerRegister
 .text.ADC_theACLK_GetDividerRegister
                0x00000f4c        0xc .\CortexM3\ARM_GCC_541\Debug\Final_Design.a(ADC_theACLK.o)
                0x00000f4c                ADC_theACLK_GetDividerRegister
 .text.ADC_theACLK_SetModeRegister
                0x00000f58       0x14 .\CortexM3\ARM_GCC_541\Debug\Final_Design.a(ADC_theACLK.o)
                0x00000f58                ADC_theACLK_SetModeRegister
 .text.ADC_theACLK_GetSourceRegister
                0x00000f6c       0x10 .\CortexM3\ARM_GCC_541\Debug\Final_Design.a(ADC_theACLK.o)
                0x00000f6c                ADC_theACLK_GetSourceRegister
 .text.ADC_theACLK_SetDividerRegister
                0x00000f7c       0xd8 .\CortexM3\ARM_GCC_541\Debug\Final_Design.a(ADC_theACLK.o)
                0x00000f7c                ADC_theACLK_SetDividerRegister
 .text.UART_LOG_IntClock_Start
                0x00001054       0x1c .\CortexM3\ARM_GCC_541\Debug\Final_Design.a(UART_LOG_IntClock.o)
                0x00001054                UART_LOG_IntClock_Start
 .text.CyDmacConfigure
                0x00001070       0x34 .\CortexM3\ARM_GCC_541\Debug\Final_Design.a(CyDmac.o)
                0x00001070                CyDmacConfigure
 .text.CyDmaChEnable
                0x000010a4       0x38 .\CortexM3\ARM_GCC_541\Debug\Final_Design.a(CyDmac.o)
                0x000010a4                CyDmaChEnable
 .text.CyDmaChPriority
                0x000010dc       0x24 .\CortexM3\ARM_GCC_541\Debug\Final_Design.a(CyDmac.o)
                0x000010dc                CyDmaChPriority
 .text.CyDmaChSetExtendedAddress
                0x00001100       0x34 .\CortexM3\ARM_GCC_541\Debug\Final_Design.a(CyDmac.o)
                0x00001100                CyDmaChSetExtendedAddress
 .text.CyDmaChSetInitialTd
                0x00001134       0x18 .\CortexM3\ARM_GCC_541\Debug\Final_Design.a(CyDmac.o)
                0x00001134                CyDmaChSetInitialTd
 .text.CyDmaChSetConfiguration
                0x0000114c       0x44 .\CortexM3\ARM_GCC_541\Debug\Final_Design.a(CyDmac.o)
                0x0000114c                CyDmaChSetConfiguration
 .text.CyDmaTdAllocate
                0x00001190       0x34 .\CortexM3\ARM_GCC_541\Debug\Final_Design.a(CyDmac.o)
                0x00001190                CyDmaTdAllocate
 .text.CyDmaTdSetConfiguration
                0x000011c4       0x28 .\CortexM3\ARM_GCC_541\Debug\Final_Design.a(CyDmac.o)
                0x000011c4                CyDmaTdSetConfiguration
 .text.CyDmaTdSetAddress
                0x000011ec       0x1c .\CortexM3\ARM_GCC_541\Debug\Final_Design.a(CyDmac.o)
                0x000011ec                CyDmaTdSetAddress
 .text.CyHalt   0x00001208        0x4 .\CortexM3\ARM_GCC_541\Debug\Final_Design.a(CyLib.o)
                0x00001208                CyHalt
 .text.CyDelay  0x0000120c       0x2c .\CortexM3\ARM_GCC_541\Debug\Final_Design.a(CyLib.o)
                0x0000120c                CyDelay
 .text.CyDelayUs
                0x00001238       0x14 .\CortexM3\ARM_GCC_541\Debug\Final_Design.a(CyLib.o)
                0x00001238                CyDelayUs
 .text.CyIntSetVector
                0x0000124c       0x28 .\CortexM3\ARM_GCC_541\Debug\Final_Design.a(CyLib.o)
                0x0000124c                CyIntSetVector
 .text.CyIntSetPriority
                0x00001274       0x30 .\CortexM3\ARM_GCC_541\Debug\Final_Design.a(CyLib.o)
                0x00001274                CyIntSetPriority
 .text.isr_UART_SetVector
                0x000012a4        0xc .\CortexM3\ARM_GCC_541\Debug\Final_Design.a(isr_UART.o)
                0x000012a4                isr_UART_SetVector
 .text.isr_UART_SetPriority
                0x000012b0       0x10 .\CortexM3\ARM_GCC_541\Debug\Final_Design.a(isr_UART.o)
                0x000012b0                isr_UART_SetPriority
 .text.isr_UART_Enable
                0x000012c0        0xc .\CortexM3\ARM_GCC_541\Debug\Final_Design.a(isr_UART.o)
                0x000012c0                isr_UART_Enable
 .text.isr_UART_Disable
                0x000012cc        0xc .\CortexM3\ARM_GCC_541\Debug\Final_Design.a(isr_UART.o)
                0x000012cc                isr_UART_Disable
 .text.isr_UART_StartEx
                0x000012d8       0x1c .\CortexM3\ARM_GCC_541\Debug\Final_Design.a(isr_UART.o)
                0x000012d8                isr_UART_StartEx
 .text.isr_UART_ClearPending
                0x000012f4        0xc .\CortexM3\ARM_GCC_541\Debug\Final_Design.a(isr_UART.o)
                0x000012f4                isr_UART_ClearPending
 .text          0x00001300       0x20 .\CortexM3\ARM_GCC_541\Debug\Final_Design.a(CyBootAsmGnu.o)
                0x00001300                CyDelayCycles
                0x00001310                CyEnterCriticalSection
                0x00001318                CyExitCriticalSection
 .text.__errno  0x00001320        0xc d:/psoc creator/4.4/psoc creator/import/gnu/arm/5.4.1/bin/../lib/gcc/arm-none-eabi/5.4.1/../../../../arm-none-eabi/lib/armv7-m\libg_nano.a(lib_a-errno.o)
                0x00001320                __errno
 .text.__libc_init_array
                0x0000132c       0x4c d:/psoc creator/4.4/psoc creator/import/gnu/arm/5.4.1/bin/../lib/gcc/arm-none-eabi/5.4.1/../../../../arm-none-eabi/lib/armv7-m\libg_nano.a(lib_a-init.o)
                0x0000132c                __libc_init_array
 .text.memcpy   0x00001378       0x16 d:/psoc creator/4.4/psoc creator/import/gnu/arm/5.4.1/bin/../lib/gcc/arm-none-eabi/5.4.1/../../../../arm-none-eabi/lib/armv7-m\libg_nano.a(lib_a-memcpy-stub.o)
                0x00001378                memcpy
 .text.memset   0x0000138e       0x10 d:/psoc creator/4.4/psoc creator/import/gnu/arm/5.4.1/bin/../lib/gcc/arm-none-eabi/5.4.1/../../../../arm-none-eabi/lib/armv7-m\libg_nano.a(lib_a-memset.o)
                0x0000138e                memset
 *(.plt)
 *(.gnu.warning)
 *(.glue_7t)
 .glue_7t       0x0000139e        0x0 linker stubs
 *(.glue_7)
 .glue_7        0x0000139e        0x0 linker stubs
 *(.vfp11_veneer)
 .vfp11_veneer  0x0000139e        0x0 linker stubs
 *(.bootloader)
 *(.ARM.extab* .gnu.linkonce.armextab.*)
 *(.gcc_except_table)

.v4_bx          0x000013a0        0x0
 .v4_bx         0x000013a0        0x0 linker stubs

.iplt           0x000013a0        0x0
 .iplt          0x000013a0        0x0 d:/psoc creator/4.4/psoc creator/import/gnu/arm/5.4.1/bin/../lib/gcc/arm-none-eabi/5.4.1/armv7-m/crtbegin.o

.eh_frame_hdr
 *(.eh_frame_hdr)

.eh_frame       0x000013a0        0x4
 *(.eh_frame)
 .eh_frame      0x000013a0        0x0 d:/psoc creator/4.4/psoc creator/import/gnu/arm/5.4.1/bin/../lib/gcc/arm-none-eabi/5.4.1/armv7-m/crtbegin.o
 .eh_frame      0x000013a0        0x4 d:/psoc creator/4.4/psoc creator/import/gnu/arm/5.4.1/bin/../lib/gcc/arm-none-eabi/5.4.1/armv7-m/crtend.o
                [!provide]                PROVIDE (__exidx_start, .)

.ARM.exidx
 *(.ARM.exidx* .gnu.linkonce.armexidx.*)
                0x000013a4                __exidx_end = .

.rodata         0x000013a4      0x4c4
 *(.rodata .rodata.* .gnu.linkonce.r.*)
 .rodata        0x000013a4       0x3c .\CortexM3\ARM_GCC_541\Debug\cyfitter_cfg.o
                0x000013a4                ADC_AMux__addrTable
                0x000013ac                ADC_AMux__maskTable
 .rodata        0x000013e0      0x44c .\CortexM3\ARM_GCC_541\Debug\Final_Design.a(WaveDAC8_1.o)
                0x000013e0                WaveDAC8_1_wave1
                0x000017c8                WaveDAC8_1_wave2
 .rodata.str1.1
                0x0000182c        0x2 d:/psoc creator/4.4/psoc creator/import/gnu/arm/5.4.1/bin/../lib/gcc/arm-none-eabi/5.4.1/../../../../arm-none-eabi/lib/armv7-m\libg_nano.a(lib_a-impure.o)
                0x00001830                . = ALIGN (0x4)
 *fill*         0x0000182e        0x2 
 *(.init)
 .init          0x00001830        0x4 d:/psoc creator/4.4/psoc creator/import/gnu/arm/5.4.1/bin/../lib/gcc/arm-none-eabi/5.4.1/armv7-m/crti.o
                0x00001830                _init
 .init          0x00001834        0x8 d:/psoc creator/4.4/psoc creator/import/gnu/arm/5.4.1/bin/../lib/gcc/arm-none-eabi/5.4.1/armv7-m/crtn.o
                0x0000183c                . = ALIGN (0x4)
                0x0000183c                __preinit_array_start = .
 *(.preinit_array)
                0x0000183c                __preinit_array_end = .
                0x0000183c                . = ALIGN (0x4)
                0x0000183c                __init_array_start = .
 *(SORT(.init_array.*))
 *(.init_array)
 .init_array    0x0000183c        0x4 d:/psoc creator/4.4/psoc creator/import/gnu/arm/5.4.1/bin/../lib/gcc/arm-none-eabi/5.4.1/armv7-m/crtbegin.o
 .init_array    0x00001840        0x4 .\CortexM3\ARM_GCC_541\Debug\Cm3Start.o
                0x00001844                __init_array_end = .
                0x00001844                . = ALIGN (0x4)
 *(.fini)
 .fini          0x00001844        0x4 d:/psoc creator/4.4/psoc creator/import/gnu/arm/5.4.1/bin/../lib/gcc/arm-none-eabi/5.4.1/armv7-m/crti.o
                0x00001844                _fini
 .fini          0x00001848        0x8 d:/psoc creator/4.4/psoc creator/import/gnu/arm/5.4.1/bin/../lib/gcc/arm-none-eabi/5.4.1/armv7-m/crtn.o
                0x00001850                . = ALIGN (0x4)
                0x00001850                __fini_array_start = .
 *(.fini_array)
 .fini_array    0x00001850        0x4 d:/psoc creator/4.4/psoc creator/import/gnu/arm/5.4.1/bin/../lib/gcc/arm-none-eabi/5.4.1/armv7-m/crtbegin.o
 *(SORT(.fini_array.*))
                0x00001854                __fini_array_end = .
                0x00001854                . = ALIGN (0x4)
 *crtbegin.o(.ctors)
 *(EXCLUDE_FILE(*crtend.o) .ctors)
 *(SORT(.ctors.*))
 *crtend.o(.ctors)
                0x00001854                . = ALIGN (0x4)
 *crtbegin.o(.dtors)
 *(EXCLUDE_FILE(*crtend.o) .dtors)
 *(SORT(.dtors.*))
 *crtend.o(.dtors)
                0x00001854                . = ALIGN (0x4)
                0x00001854                __cy_regions = .
                0x00001854        0x4 LONG 0x1868 __cy_region_init_ram
                0x00001858        0x4 LONG 0x1fff80c8 __cy_region_start_data
                0x0000185c        0x4 LONG 0x88 __cy_region_init_size_ram
                0x00001860        0x4 LONG 0x840 __cy_region_zero_size_ram
                0x00001864                __cy_regions_end = .
                0x00001868                . = ALIGN (0x8)
 *fill*         0x00001864        0x4 
                0x00001868                _etext = .

.cy_checksum_exclude
                0x00001868        0x0
 *(.cy_checksum_exclude)

.ramvectors     0x1fff8000       0xc0
                0x1fff8000                __cy_region_start_ram = .
 *(.ramvectors)
 .ramvectors    0x1fff8000       0xc0 .\CortexM3\ARM_GCC_541\Debug\Cm3Start.o
                0x1fff8000                CyRamVectors

.noinit         0x1fff80c0        0x1
 *(.noinit)
 .noinit        0x1fff80c0        0x1 .\CortexM3\ARM_GCC_541\Debug\Final_Design.a(CyLib.o)
                0x1fff80c0                CyResetStatus

.data           0x1fff80c8       0x88 load address 0x00001868
                0x1fff80c8                __cy_region_start_data = .
 *(.jcr)
 .jcr           0x1fff80c8        0x0 d:/psoc creator/4.4/psoc creator/import/gnu/arm/5.4.1/bin/../lib/gcc/arm-none-eabi/5.4.1/armv7-m/crtbegin.o
 .jcr           0x1fff80c8        0x4 d:/psoc creator/4.4/psoc creator/import/gnu/arm/5.4.1/bin/../lib/gcc/arm-none-eabi/5.4.1/armv7-m/crtend.o
 *(.got.plt)
 *(.got)
 *(.shdata)
 *(.data .data.* .gnu.linkonce.d.*)
 .data          0x1fff80cc        0x1 .\CortexM3\ARM_GCC_541\Debug\Final_Design.a(ADC.o)
                0x1fff80cc                ADC_Config
 .data          0x1fff80cd        0x1 .\CortexM3\ARM_GCC_541\Debug\Final_Design.a(WaveDAC8_1_Wave1_DMA_dma.o)
                0x1fff80cd                WaveDAC8_1_Wave1_DMA_DmaHandle
 .data          0x1fff80ce        0x1 .\CortexM3\ARM_GCC_541\Debug\Final_Design.a(WaveDAC8_1_Wave2_DMA_dma.o)
                0x1fff80ce                WaveDAC8_1_Wave2_DMA_DmaHandle
 .data          0x1fff80cf        0x1 .\CortexM3\ARM_GCC_541\Debug\Final_Design.a(ADC_AMux.o)
 .data          0x1fff80d0        0x8 .\CortexM3\ARM_GCC_541\Debug\Final_Design.a(CyDmac.o)
 .data          0x1fff80d8       0x10 .\CortexM3\ARM_GCC_541\Debug\Final_Design.a(CyLib.o)
                0x1fff80d8                cydelay_32k_ms
                0x1fff80dc                cydelay_freq_khz
                0x1fff80e0                cydelay_freq_mhz
                0x1fff80e4                cydelay_freq_hz
 .data.impure_data
                0x1fff80e8       0x60 d:/psoc creator/4.4/psoc creator/import/gnu/arm/5.4.1/bin/../lib/gcc/arm-none-eabi/5.4.1/../../../../arm-none-eabi/lib/armv7-m\libg_nano.a(lib_a-impure.o)
 .data._impure_ptr
                0x1fff8148        0x4 d:/psoc creator/4.4/psoc creator/import/gnu/arm/5.4.1/bin/../lib/gcc/arm-none-eabi/5.4.1/../../../../arm-none-eabi/lib/armv7-m\libg_nano.a(lib_a-impure.o)
                0x1fff8148                _impure_ptr
                0x1fff8150                . = ALIGN (0x8)
 *fill*         0x1fff814c        0x4 
 *(.ram)
                0x1fff8150                _edata = .

.igot.plt       0x1fff8150        0x0 load address 0x000018f0
 .igot.plt      0x1fff8150        0x0 d:/psoc creator/4.4/psoc creator/import/gnu/arm/5.4.1/bin/../lib/gcc/arm-none-eabi/5.4.1/armv7-m/crtbegin.o

.bss            0x1fff8150      0x840 load address 0x000018f0
                0x1fff8150                PROVIDE (__bss_start__, .)
 *(.shbss)
 *(.bss .bss.* .gnu.linkonce.b.*)
 .bss           0x1fff8150       0x1c d:/psoc creator/4.4/psoc creator/import/gnu/arm/5.4.1/bin/../lib/gcc/arm-none-eabi/5.4.1/armv7-m/crtbegin.o
 .bss           0x1fff816c        0x5 .\CortexM3\ARM_GCC_541\Debug\functions.o
                0x1fff816c                buttonPressed
                0x1fff816d                uart_s_received
                0x1fff816e                uart_o_received
                0x1fff816f                sampleCount
                0x1fff8170                state
 .bss           0x1fff8171        0x5 .\CortexM3\ARM_GCC_541\Debug\Final_Design.a(WaveDAC8_1.o)
                0x1fff8175                WaveDAC8_1_initVar
 *fill*         0x1fff8176        0x2 
 .bss           0x1fff8178        0xc .\CortexM3\ARM_GCC_541\Debug\Final_Design.a(ADC.o)
                0x1fff817c                ADC_stopConversion
                0x1fff817d                ADC_convDone
                0x1fff817e                ADC_initVar
                0x1fff817f                ADC_started
                0x1fff8180                ADC_Offset
 .bss           0x1fff8184        0x2 .\CortexM3\ARM_GCC_541\Debug\Final_Design.a(UART_LOG.o)
                0x1fff8184                UART_LOG_initVar
 *(COMMON)
 *fill*         0x1fff8186        0x2 
 COMMON         0x1fff8188      0x800 .\CortexM3\ARM_GCC_541\Debug\functions.o
                0x1fff8188                adcBuffer
 COMMON         0x1fff8988        0x4 .\CortexM3\ARM_GCC_541\Debug\Final_Design.a(ADC.o)
                0x1fff8988                ADC_CountsPerVolt
                0x1fff8990                . = ALIGN (0x8)
 *fill*         0x1fff898c        0x4 
 *(.ram.b)
                0x1fff8990                _end = .
                0x1fff8990                __end = .
                0x1fff8990                PROVIDE (end, .)
                0x1fff8990                PROVIDE (__bss_end__, .)
                0x00001868                __cy_region_init_ram = LOADADDR (.data)
                0x00000088                __cy_region_init_size_ram = (_edata - ADDR (.data))
                0x00000840                __cy_region_zero_size_ram = (_end - _edata)

.heap           0x1fff8990       0x80 load address 0x000018f0
                0x1fff8990                . = _end
                0x1fff8a10                . = (. + 0x80)
 *fill*         0x1fff8990       0x80 
                0x1fff8a10                __cy_heap_limit = .

.stack          0x20007800      0x800
                0x20007800                __cy_stack_limit = .
                0x20008000                . = (. + 0x800)
 *fill*         0x20007800      0x800 
                0x00000001                ASSERT ((__cy_stack_limit >= __cy_heap_limit), region RAM overflowed with stack)
                0x00000000                cy_checksum_exclude_size = (CY_APPL_LOADABLE == 0x1)?SIZEOF (.cy_checksum_exclude):0x0
                0x00000001                ASSERT ((cy_checksum_exclude_size <= CY_CHECKSUM_EXCLUDE_SIZE), CY_BOOT: Section .cy_checksum_exclude size exceedes specified limit.)

.cyloadermeta
 *(.cyloadermeta)

.cyloadablemeta
 *(.cyloadablemeta)

.cyconfigecc    0x80000000      0x444
 *(.cyconfigecc)
 .cyconfigecc   0x80000000      0x444 .\CortexM3\ARM_GCC_541\Debug\cymetadata.o
                0x80000000                cy_meta_configecc

.cycustnvl      0x90000000        0x4
 *(.cycustnvl)
 .cycustnvl     0x90000000        0x4 .\CortexM3\ARM_GCC_541\Debug\cymetadata.o
                0x90000000                cy_meta_custnvl

.cywolatch      0x90100000        0x4
 *(.cywolatch)
 .cywolatch     0x90100000        0x4 .\CortexM3\ARM_GCC_541\Debug\cymetadata.o
                0x90100000                cy_meta_wonvl

.cyeeprom       0x90200000        0x0
 *(.cyeeprom)
                0x00000001                ASSERT ((. <= ((0x90200000 + ee_offset) + ee_size)), .cyeeprom data will not fit in EEPROM)

.cyflashprotect
                0x90400000      0x100
 *(.cyflashprotect)
 .cyflashprotect
                0x90400000      0x100 .\CortexM3\ARM_GCC_541\Debug\cymetadata.o
                0x90400000                cy_meta_flashprotect

.cymeta         0x90500000        0xc
 *(.cymeta)
 .cymeta        0x90500000        0xc .\CortexM3\ARM_GCC_541\Debug\cymetadata.o
                0x90500000                cy_metadata

.rel.dyn        0x000018f0        0x0 load address 0x9050000c
 .rel.iplt      0x000018f0        0x0 d:/psoc creator/4.4/psoc creator/import/gnu/arm/5.4.1/bin/../lib/gcc/arm-none-eabi/5.4.1/armv7-m/crtbegin.o

.stab
 *(.stab)

.stabstr
 *(.stabstr)

.debug
 *(.debug)

.line
 *(.line)

.debug_srcinfo
 *(.debug_srcinfo)

.debug_sfnames
 *(.debug_sfnames)

.debug_aranges  0x00000000      0xd68
 *(.debug_aranges)
 .debug_aranges
                0x00000000       0x20 .\CortexM3\ARM_GCC_541\Debug\main.o
 .debug_aranges
                0x00000020       0x50 .\CortexM3\ARM_GCC_541\Debug\functions.o
 .debug_aranges
                0x00000070       0x68 .\CortexM3\ARM_GCC_541\Debug\cyfitter_cfg.o
 .debug_aranges
                0x000000d8       0x18 .\CortexM3\ARM_GCC_541\Debug\cymetadata.o
 .debug_aranges
                0x000000f0       0x48 .\CortexM3\ARM_GCC_541\Debug\Cm3Start.o
 .debug_aranges
                0x00000138       0x50 .\CortexM3\ARM_GCC_541\Debug\Final_Design.a(WaveDAC8_1.o)
 .debug_aranges
                0x00000188       0xe8 .\CortexM3\ARM_GCC_541\Debug\Final_Design.a(ADC.o)
 .debug_aranges
                0x00000270       0x38 .\CortexM3\ARM_GCC_541\Debug\Final_Design.a(ADC_INT.o)
 .debug_aranges
                0x000002a8       0x38 .\CortexM3\ARM_GCC_541\Debug\Final_Design.a(led_green.o)
 .debug_aranges
                0x000002e0       0x38 .\CortexM3\ARM_GCC_541\Debug\Final_Design.a(led_orange.o)
 .debug_aranges
                0x00000318       0x38 .\CortexM3\ARM_GCC_541\Debug\Final_Design.a(led_red.o)
 .debug_aranges
                0x00000350       0xf0 .\CortexM3\ARM_GCC_541\Debug\Final_Design.a(UART_LOG.o)
 .debug_aranges
                0x00000440       0x48 .\CortexM3\ARM_GCC_541\Debug\Final_Design.a(Button.o)
 .debug_aranges
                0x00000488       0x80 .\CortexM3\ARM_GCC_541\Debug\Final_Design.a(isr_Button.o)
 .debug_aranges
                0x00000508       0x70 .\CortexM3\ARM_GCC_541\Debug\Final_Design.a(WaveDAC8_1_DacClk.o)
 .debug_aranges
                0x00000578       0x28 .\CortexM3\ARM_GCC_541\Debug\Final_Design.a(WaveDAC8_1_Wave1_DMA_dma.o)
 .debug_aranges
                0x000005a0       0x28 .\CortexM3\ARM_GCC_541\Debug\Final_Design.a(WaveDAC8_1_Wave2_DMA_dma.o)
 .debug_aranges
                0x000005c8       0x58 .\CortexM3\ARM_GCC_541\Debug\Final_Design.a(WaveDAC8_1_VDAC8.o)
 .debug_aranges
                0x00000620       0x30 .\CortexM3\ARM_GCC_541\Debug\Final_Design.a(ADC_AMux.o)
 .debug_aranges
                0x00000650       0x70 .\CortexM3\ARM_GCC_541\Debug\Final_Design.a(ADC_Ext_CP_Clk.o)
 .debug_aranges
                0x000006c0       0x80 .\CortexM3\ARM_GCC_541\Debug\Final_Design.a(ADC_theACLK.o)
 .debug_aranges
                0x00000740       0x70 .\CortexM3\ARM_GCC_541\Debug\Final_Design.a(UART_LOG_IntClock.o)
 .debug_aranges
                0x000007b0       0xd8 .\CortexM3\ARM_GCC_541\Debug\Final_Design.a(CyDmac.o)
 .debug_aranges
                0x00000888      0x2a0 .\CortexM3\ARM_GCC_541\Debug\Final_Design.a(CyLib.o)
 .debug_aranges
                0x00000b28       0x98 .\CortexM3\ARM_GCC_541\Debug\Final_Design.a(cyPm.o)
 .debug_aranges
                0x00000bc0       0x80 .\CortexM3\ARM_GCC_541\Debug\Final_Design.a(isr_UART.o)
 .debug_aranges
                0x00000c40       0x20 .\CortexM3\ARM_GCC_541\Debug\Final_Design.a(CyBootAsmGnu.o)
 .debug_aranges
                0x00000c60       0x88 .\CortexM3\ARM_GCC_541\Debug\Final_Design.a(CyFlash.o)
 .debug_aranges
                0x00000ce8       0x80 .\CortexM3\ARM_GCC_541\Debug\Final_Design.a(CySpc.o)

.debug_pubnames
 *(.debug_pubnames)

.debug_info     0x00000000     0x7607
 *(.debug_info .gnu.linkonce.wi.*)
 .debug_info    0x00000000      0x21e .\CortexM3\ARM_GCC_541\Debug\main.o
 .debug_info    0x0000021e      0x452 .\CortexM3\ARM_GCC_541\Debug\functions.o
 .debug_info    0x00000670      0x5d4 .\CortexM3\ARM_GCC_541\Debug\cyfitter_cfg.o
 .debug_info    0x00000c44      0x135 .\CortexM3\ARM_GCC_541\Debug\cymetadata.o
 .debug_info    0x00000d79      0x3cf .\CortexM3\ARM_GCC_541\Debug\Cm3Start.o
 .debug_info    0x00001148      0x519 .\CortexM3\ARM_GCC_541\Debug\Final_Design.a(WaveDAC8_1.o)
 .debug_info    0x00001661      0xa1a .\CortexM3\ARM_GCC_541\Debug\Final_Design.a(ADC.o)
 .debug_info    0x0000207b       0xd3 .\CortexM3\ARM_GCC_541\Debug\Final_Design.a(ADC_INT.o)
 .debug_info    0x0000214e      0x11f .\CortexM3\ARM_GCC_541\Debug\Final_Design.a(led_green.o)
 .debug_info    0x0000226d      0x11f .\CortexM3\ARM_GCC_541\Debug\Final_Design.a(led_orange.o)
 .debug_info    0x0000238c      0x11f .\CortexM3\ARM_GCC_541\Debug\Final_Design.a(led_red.o)
 .debug_info    0x000024ab      0x60c .\CortexM3\ARM_GCC_541\Debug\Final_Design.a(UART_LOG.o)
 .debug_info    0x00002ab7      0x174 .\CortexM3\ARM_GCC_541\Debug\Final_Design.a(Button.o)
 .debug_info    0x00002c2b      0x2d2 .\CortexM3\ARM_GCC_541\Debug\Final_Design.a(isr_Button.o)
 .debug_info    0x00002efd      0x283 .\CortexM3\ARM_GCC_541\Debug\Final_Design.a(WaveDAC8_1_DacClk.o)
 .debug_info    0x00003180      0x1aa .\CortexM3\ARM_GCC_541\Debug\Final_Design.a(WaveDAC8_1_Wave1_DMA_dma.o)
 .debug_info    0x0000332a      0x1a7 .\CortexM3\ARM_GCC_541\Debug\Final_Design.a(WaveDAC8_1_Wave2_DMA_dma.o)
 .debug_info    0x000034d1      0x1de .\CortexM3\ARM_GCC_541\Debug\Final_Design.a(WaveDAC8_1_VDAC8.o)
 .debug_info    0x000036af      0x165 .\CortexM3\ARM_GCC_541\Debug\Final_Design.a(ADC_AMux.o)
 .debug_info    0x00003814      0x283 .\CortexM3\ARM_GCC_541\Debug\Final_Design.a(ADC_Ext_CP_Clk.o)
 .debug_info    0x00003a97      0x2c4 .\CortexM3\ARM_GCC_541\Debug\Final_Design.a(ADC_theACLK.o)
 .debug_info    0x00003d5b      0x283 .\CortexM3\ARM_GCC_541\Debug\Final_Design.a(UART_LOG_IntClock.o)
 .debug_info    0x00003fde      0x94e .\CortexM3\ARM_GCC_541\Debug\Final_Design.a(CyDmac.o)
 .debug_info    0x0000492c     0x1374 .\CortexM3\ARM_GCC_541\Debug\Final_Design.a(CyLib.o)
 .debug_info    0x00005ca0      0xa2a .\CortexM3\ARM_GCC_541\Debug\Final_Design.a(cyPm.o)
 .debug_info    0x000066ca      0x2d2 .\CortexM3\ARM_GCC_541\Debug\Final_Design.a(isr_UART.o)
 .debug_info    0x0000699c       0xce .\CortexM3\ARM_GCC_541\Debug\Final_Design.a(CyBootAsmGnu.o)
 .debug_info    0x00006a6a      0x64d .\CortexM3\ARM_GCC_541\Debug\Final_Design.a(CyFlash.o)
 .debug_info    0x000070b7      0x550 .\CortexM3\ARM_GCC_541\Debug\Final_Design.a(CySpc.o)

.debug_abbrev   0x00000000     0x214b
 *(.debug_abbrev)
 .debug_abbrev  0x00000000       0xcc .\CortexM3\ARM_GCC_541\Debug\main.o
 .debug_abbrev  0x000000cc      0x129 .\CortexM3\ARM_GCC_541\Debug\functions.o
 .debug_abbrev  0x000001f5      0x21e .\CortexM3\ARM_GCC_541\Debug\cyfitter_cfg.o
 .debug_abbrev  0x00000413       0x66 .\CortexM3\ARM_GCC_541\Debug\cymetadata.o
 .debug_abbrev  0x00000479      0x1e8 .\CortexM3\ARM_GCC_541\Debug\Cm3Start.o
 .debug_abbrev  0x00000661      0x114 .\CortexM3\ARM_GCC_541\Debug\Final_Design.a(WaveDAC8_1.o)
 .debug_abbrev  0x00000775      0x1eb .\CortexM3\ARM_GCC_541\Debug\Final_Design.a(ADC.o)
 .debug_abbrev  0x00000960       0x42 .\CortexM3\ARM_GCC_541\Debug\Final_Design.a(ADC_INT.o)
 .debug_abbrev  0x000009a2       0x90 .\CortexM3\ARM_GCC_541\Debug\Final_Design.a(led_green.o)
 .debug_abbrev  0x00000a32       0x90 .\CortexM3\ARM_GCC_541\Debug\Final_Design.a(led_orange.o)
 .debug_abbrev  0x00000ac2       0x90 .\CortexM3\ARM_GCC_541\Debug\Final_Design.a(led_red.o)
 .debug_abbrev  0x00000b52      0x175 .\CortexM3\ARM_GCC_541\Debug\Final_Design.a(UART_LOG.o)
 .debug_abbrev  0x00000cc7       0x90 .\CortexM3\ARM_GCC_541\Debug\Final_Design.a(Button.o)
 .debug_abbrev  0x00000d57      0x173 .\CortexM3\ARM_GCC_541\Debug\Final_Design.a(isr_Button.o)
 .debug_abbrev  0x00000eca      0x139 .\CortexM3\ARM_GCC_541\Debug\Final_Design.a(WaveDAC8_1_DacClk.o)
 .debug_abbrev  0x00001003       0xcd .\CortexM3\ARM_GCC_541\Debug\Final_Design.a(WaveDAC8_1_Wave1_DMA_dma.o)
 .debug_abbrev  0x000010d0       0xcd .\CortexM3\ARM_GCC_541\Debug\Final_Design.a(WaveDAC8_1_Wave2_DMA_dma.o)
 .debug_abbrev  0x0000119d       0xf7 .\CortexM3\ARM_GCC_541\Debug\Final_Design.a(WaveDAC8_1_VDAC8.o)
 .debug_abbrev  0x00001294       0xb1 .\CortexM3\ARM_GCC_541\Debug\Final_Design.a(ADC_AMux.o)
 .debug_abbrev  0x00001345      0x139 .\CortexM3\ARM_GCC_541\Debug\Final_Design.a(ADC_Ext_CP_Clk.o)
 .debug_abbrev  0x0000147e      0x121 .\CortexM3\ARM_GCC_541\Debug\Final_Design.a(ADC_theACLK.o)
 .debug_abbrev  0x0000159f      0x139 .\CortexM3\ARM_GCC_541\Debug\Final_Design.a(UART_LOG_IntClock.o)
 .debug_abbrev  0x000016d8      0x1b2 .\CortexM3\ARM_GCC_541\Debug\Final_Design.a(CyDmac.o)
 .debug_abbrev  0x0000188a      0x254 .\CortexM3\ARM_GCC_541\Debug\Final_Design.a(CyLib.o)
 .debug_abbrev  0x00001ade      0x1ab .\CortexM3\ARM_GCC_541\Debug\Final_Design.a(cyPm.o)
 .debug_abbrev  0x00001c89      0x173 .\CortexM3\ARM_GCC_541\Debug\Final_Design.a(isr_UART.o)
 .debug_abbrev  0x00001dfc       0x14 .\CortexM3\ARM_GCC_541\Debug\Final_Design.a(CyBootAsmGnu.o)
 .debug_abbrev  0x00001e10      0x1a7 .\CortexM3\ARM_GCC_541\Debug\Final_Design.a(CyFlash.o)
 .debug_abbrev  0x00001fb7      0x194 .\CortexM3\ARM_GCC_541\Debug\Final_Design.a(CySpc.o)

.debug_line     0x00000000     0x3199
 *(.debug_line)
 .debug_line    0x00000000      0x153 .\CortexM3\ARM_GCC_541\Debug\main.o
 .debug_line    0x00000153      0x25b .\CortexM3\ARM_GCC_541\Debug\functions.o
 .debug_line    0x000003ae      0x1ed .\CortexM3\ARM_GCC_541\Debug\cyfitter_cfg.o
 .debug_line    0x0000059b      0x109 .\CortexM3\ARM_GCC_541\Debug\cymetadata.o
 .debug_line    0x000006a4      0x209 .\CortexM3\ARM_GCC_541\Debug\Cm3Start.o
 .debug_line    0x000008ad      0x160 .\CortexM3\ARM_GCC_541\Debug\Final_Design.a(WaveDAC8_1.o)
 .debug_line    0x00000a0d      0x34f .\CortexM3\ARM_GCC_541\Debug\Final_Design.a(ADC.o)
 .debug_line    0x00000d5c       0x80 .\CortexM3\ARM_GCC_541\Debug\Final_Design.a(ADC_INT.o)
 .debug_line    0x00000ddc       0x96 .\CortexM3\ARM_GCC_541\Debug\Final_Design.a(led_green.o)
 .debug_line    0x00000e72       0x97 .\CortexM3\ARM_GCC_541\Debug\Final_Design.a(led_orange.o)
 .debug_line    0x00000f09       0x94 .\CortexM3\ARM_GCC_541\Debug\Final_Design.a(led_red.o)
 .debug_line    0x00000f9d      0x2c4 .\CortexM3\ARM_GCC_541\Debug\Final_Design.a(UART_LOG.o)
 .debug_line    0x00001261       0xb7 .\CortexM3\ARM_GCC_541\Debug\Final_Design.a(Button.o)
 .debug_line    0x00001318      0x137 .\CortexM3\ARM_GCC_541\Debug\Final_Design.a(isr_Button.o)
 .debug_line    0x0000144f      0x180 .\CortexM3\ARM_GCC_541\Debug\Final_Design.a(WaveDAC8_1_DacClk.o)
 .debug_line    0x000015cf       0x91 .\CortexM3\ARM_GCC_541\Debug\Final_Design.a(WaveDAC8_1_Wave1_DMA_dma.o)
 .debug_line    0x00001660       0x91 .\CortexM3\ARM_GCC_541\Debug\Final_Design.a(WaveDAC8_1_Wave2_DMA_dma.o)
 .debug_line    0x000016f1       0xec .\CortexM3\ARM_GCC_541\Debug\Final_Design.a(WaveDAC8_1_VDAC8.o)
 .debug_line    0x000017dd       0xac .\CortexM3\ARM_GCC_541\Debug\Final_Design.a(ADC_AMux.o)
 .debug_line    0x00001889      0x17d .\CortexM3\ARM_GCC_541\Debug\Final_Design.a(ADC_Ext_CP_Clk.o)
 .debug_line    0x00001a06      0x19d .\CortexM3\ARM_GCC_541\Debug\Final_Design.a(ADC_theACLK.o)
 .debug_line    0x00001ba3      0x180 .\CortexM3\ARM_GCC_541\Debug\Final_Design.a(UART_LOG_IntClock.o)
 .debug_line    0x00001d23      0x2e4 .\CortexM3\ARM_GCC_541\Debug\Final_Design.a(CyDmac.o)
 .debug_line    0x00002007      0x816 .\CortexM3\ARM_GCC_541\Debug\Final_Design.a(CyLib.o)
 .debug_line    0x0000281d      0x367 .\CortexM3\ARM_GCC_541\Debug\Final_Design.a(cyPm.o)
 .debug_line    0x00002b84      0x135 .\CortexM3\ARM_GCC_541\Debug\Final_Design.a(isr_UART.o)
 .debug_line    0x00002cb9       0x66 .\CortexM3\ARM_GCC_541\Debug\Final_Design.a(CyBootAsmGnu.o)
 .debug_line    0x00002d1f      0x21a .\CortexM3\ARM_GCC_541\Debug\Final_Design.a(CyFlash.o)
 .debug_line    0x00002f39      0x260 .\CortexM3\ARM_GCC_541\Debug\Final_Design.a(CySpc.o)

.debug_frame    0x00000000     0x207c
 *(.debug_frame)
 .debug_frame   0x00000000       0x2c .\CortexM3\ARM_GCC_541\Debug\main.o
 .debug_frame   0x0000002c       0xdc .\CortexM3\ARM_GCC_541\Debug\functions.o
 .debug_frame   0x00000108      0x104 .\CortexM3\ARM_GCC_541\Debug\cyfitter_cfg.o
 .debug_frame   0x0000020c       0xb8 .\CortexM3\ARM_GCC_541\Debug\Cm3Start.o
 .debug_frame   0x000002c4       0xe0 .\CortexM3\ARM_GCC_541\Debug\Final_Design.a(WaveDAC8_1.o)
 .debug_frame   0x000003a4      0x278 .\CortexM3\ARM_GCC_541\Debug\Final_Design.a(ADC.o)
 .debug_frame   0x0000061c       0x50 .\CortexM3\ARM_GCC_541\Debug\Final_Design.a(ADC_INT.o)
 .debug_frame   0x0000066c       0x50 .\CortexM3\ARM_GCC_541\Debug\Final_Design.a(led_green.o)
 .debug_frame   0x000006bc       0x50 .\CortexM3\ARM_GCC_541\Debug\Final_Design.a(led_orange.o)
 .debug_frame   0x0000070c       0x50 .\CortexM3\ARM_GCC_541\Debug\Final_Design.a(led_red.o)
 .debug_frame   0x0000075c      0x250 .\CortexM3\ARM_GCC_541\Debug\Final_Design.a(UART_LOG.o)
 .debug_frame   0x000009ac       0x70 .\CortexM3\ARM_GCC_541\Debug\Final_Design.a(Button.o)
 .debug_frame   0x00000a1c      0x104 .\CortexM3\ARM_GCC_541\Debug\Final_Design.a(isr_Button.o)
 .debug_frame   0x00000b20       0xe0 .\CortexM3\ARM_GCC_541\Debug\Final_Design.a(WaveDAC8_1_DacClk.o)
 .debug_frame   0x00000c00       0x54 .\CortexM3\ARM_GCC_541\Debug\Final_Design.a(WaveDAC8_1_Wave1_DMA_dma.o)
 .debug_frame   0x00000c54       0x54 .\CortexM3\ARM_GCC_541\Debug\Final_Design.a(WaveDAC8_1_Wave2_DMA_dma.o)
 .debug_frame   0x00000ca8       0xb4 .\CortexM3\ARM_GCC_541\Debug\Final_Design.a(WaveDAC8_1_VDAC8.o)
 .debug_frame   0x00000d5c       0x64 .\CortexM3\ARM_GCC_541\Debug\Final_Design.a(ADC_AMux.o)
 .debug_frame   0x00000dc0       0xe0 .\CortexM3\ARM_GCC_541\Debug\Final_Design.a(ADC_Ext_CP_Clk.o)
 .debug_frame   0x00000ea0      0x100 .\CortexM3\ARM_GCC_541\Debug\Final_Design.a(ADC_theACLK.o)
 .debug_frame   0x00000fa0       0xe0 .\CortexM3\ARM_GCC_541\Debug\Final_Design.a(UART_LOG_IntClock.o)
 .debug_frame   0x00001080      0x1f8 .\CortexM3\ARM_GCC_541\Debug\Final_Design.a(CyDmac.o)
 .debug_frame   0x00001278      0x738 .\CortexM3\ARM_GCC_541\Debug\Final_Design.a(CyLib.o)
 .debug_frame   0x000019b0      0x1f8 .\CortexM3\ARM_GCC_541\Debug\Final_Design.a(cyPm.o)
 .debug_frame   0x00001ba8      0x104 .\CortexM3\ARM_GCC_541\Debug\Final_Design.a(isr_UART.o)
 .debug_frame   0x00001cac      0x194 .\CortexM3\ARM_GCC_541\Debug\Final_Design.a(CyFlash.o)
 .debug_frame   0x00001e40      0x180 .\CortexM3\ARM_GCC_541\Debug\Final_Design.a(CySpc.o)
 .debug_frame   0x00001fc0       0x20 d:/psoc creator/4.4/psoc creator/import/gnu/arm/5.4.1/bin/../lib/gcc/arm-none-eabi/5.4.1/../../../../arm-none-eabi/lib/armv7-m\libg_nano.a(lib_a-errno.o)
 .debug_frame   0x00001fe0       0x28 d:/psoc creator/4.4/psoc creator/import/gnu/arm/5.4.1/bin/../lib/gcc/arm-none-eabi/5.4.1/../../../../arm-none-eabi/lib/armv7-m\libg_nano.a(lib_a-exit.o)
 .debug_frame   0x00002008       0x2c d:/psoc creator/4.4/psoc creator/import/gnu/arm/5.4.1/bin/../lib/gcc/arm-none-eabi/5.4.1/../../../../arm-none-eabi/lib/armv7-m\libg_nano.a(lib_a-init.o)
 .debug_frame   0x00002034       0x28 d:/psoc creator/4.4/psoc creator/import/gnu/arm/5.4.1/bin/../lib/gcc/arm-none-eabi/5.4.1/../../../../arm-none-eabi/lib/armv7-m\libg_nano.a(lib_a-memcpy-stub.o)
 .debug_frame   0x0000205c       0x20 d:/psoc creator/4.4/psoc creator/import/gnu/arm/5.4.1/bin/../lib/gcc/arm-none-eabi/5.4.1/../../../../arm-none-eabi/lib/armv7-m\libg_nano.a(lib_a-memset.o)

.debug_str      0x00000000     0x2c67
 *(.debug_str)
 .debug_str     0x00000000      0x24f .\CortexM3\ARM_GCC_541\Debug\main.o
                                0x2a5 (size before relaxing)
 .debug_str     0x0000024f      0x191 .\CortexM3\ARM_GCC_541\Debug\functions.o
                                0x42b (size before relaxing)
 .debug_str     0x000003e0      0x1d3 .\CortexM3\ARM_GCC_541\Debug\cyfitter_cfg.o
                                0x399 (size before relaxing)
 .debug_str     0x000005b3       0x75 .\CortexM3\ARM_GCC_541\Debug\cymetadata.o
                                0x222 (size before relaxing)
 .debug_str     0x00000628      0x154 .\CortexM3\ARM_GCC_541\Debug\Cm3Start.o
                                0x358 (size before relaxing)
 .debug_str     0x0000077c      0x2c9 .\CortexM3\ARM_GCC_541\Debug\Final_Design.a(WaveDAC8_1.o)
                                0x4a7 (size before relaxing)
 .debug_str     0x00000a45      0x39e .\CortexM3\ARM_GCC_541\Debug\Final_Design.a(ADC.o)
                                0x607 (size before relaxing)
 .debug_str     0x00000de3       0x45 .\CortexM3\ARM_GCC_541\Debug\Final_Design.a(ADC_INT.o)
                                0x1fe (size before relaxing)
 .debug_str     0x00000e28       0x6f .\CortexM3\ARM_GCC_541\Debug\Final_Design.a(led_green.o)
                                0x234 (size before relaxing)
 .debug_str     0x00000e97       0x63 .\CortexM3\ARM_GCC_541\Debug\Final_Design.a(led_orange.o)
                                0x239 (size before relaxing)
 .debug_str     0x00000efa       0x57 .\CortexM3\ARM_GCC_541\Debug\Final_Design.a(led_red.o)
                                0x22a (size before relaxing)
 .debug_str     0x00000f51      0x2c0 .\CortexM3\ARM_GCC_541\Debug\Final_Design.a(UART_LOG.o)
                                0x52f (size before relaxing)
 .debug_str     0x00001211       0x81 .\CortexM3\ARM_GCC_541\Debug\Final_Design.a(Button.o)
                                0x263 (size before relaxing)
 .debug_str     0x00001292      0x119 .\CortexM3\ARM_GCC_541\Debug\Final_Design.a(isr_Button.o)
                                0x32a (size before relaxing)
 .debug_str     0x000013ab      0x1a3 .\CortexM3\ARM_GCC_541\Debug\Final_Design.a(WaveDAC8_1_DacClk.o)
                                0x3a4 (size before relaxing)
 .debug_str     0x0000154e       0xee .\CortexM3\ARM_GCC_541\Debug\Final_Design.a(WaveDAC8_1_Wave1_DMA_dma.o)
                                0x2e6 (size before relaxing)
 .debug_str     0x0000163c       0x71 .\CortexM3\ARM_GCC_541\Debug\Final_Design.a(WaveDAC8_1_Wave2_DMA_dma.o)
                                0x2e6 (size before relaxing)
 .debug_str     0x000016ad       0x79 .\CortexM3\ARM_GCC_541\Debug\Final_Design.a(WaveDAC8_1_VDAC8.o)
                                0x2cb (size before relaxing)
 .debug_str     0x00001726       0x5f .\CortexM3\ARM_GCC_541\Debug\Final_Design.a(ADC_AMux.o)
                                0x23d (size before relaxing)
 .debug_str     0x00001785      0x12a .\CortexM3\ARM_GCC_541\Debug\Final_Design.a(ADC_Ext_CP_Clk.o)
                                0x380 (size before relaxing)
 .debug_str     0x000018af      0x14f .\CortexM3\ARM_GCC_541\Debug\Final_Design.a(ADC_theACLK.o)
                                0x39f (size before relaxing)
 .debug_str     0x000019fe      0x160 .\CortexM3\ARM_GCC_541\Debug\Final_Design.a(UART_LOG_IntClock.o)
                                0x3a4 (size before relaxing)
 .debug_str     0x00001b5e      0x2a1 .\CortexM3\ARM_GCC_541\Debug\Final_Design.a(CyDmac.o)
                                0x588 (size before relaxing)
 .debug_str     0x00001dff      0x7b3 .\CortexM3\ARM_GCC_541\Debug\Final_Design.a(CyLib.o)
                                0xa85 (size before relaxing)
 .debug_str     0x000025b2      0x365 .\CortexM3\ARM_GCC_541\Debug\Final_Design.a(cyPm.o)
                                0x771 (size before relaxing)
 .debug_str     0x00002917       0xe9 .\CortexM3\ARM_GCC_541\Debug\Final_Design.a(isr_UART.o)
                                0x30e (size before relaxing)
 .debug_str     0x00002a00      0x1bb .\CortexM3\ARM_GCC_541\Debug\Final_Design.a(CyFlash.o)
                                0x3fe (size before relaxing)
 .debug_str     0x00002bbb       0xac .\CortexM3\ARM_GCC_541\Debug\Final_Design.a(CySpc.o)
                                0x376 (size before relaxing)

.debug_loc      0x00000000     0x38fe
 *(.debug_loc)
 .debug_loc     0x00000000       0xc7 .\CortexM3\ARM_GCC_541\Debug\functions.o
 .debug_loc     0x000000c7      0x219 .\CortexM3\ARM_GCC_541\Debug\cyfitter_cfg.o
 .debug_loc     0x000002e0      0x144 .\CortexM3\ARM_GCC_541\Debug\Cm3Start.o
 .debug_loc     0x00000424      0x11b .\CortexM3\ARM_GCC_541\Debug\Final_Design.a(WaveDAC8_1.o)
 .debug_loc     0x0000053f      0x681 .\CortexM3\ARM_GCC_541\Debug\Final_Design.a(ADC.o)
 .debug_loc     0x00000bc0       0x42 .\CortexM3\ARM_GCC_541\Debug\Final_Design.a(led_green.o)
 .debug_loc     0x00000c02       0x42 .\CortexM3\ARM_GCC_541\Debug\Final_Design.a(led_orange.o)
 .debug_loc     0x00000c44       0x42 .\CortexM3\ARM_GCC_541\Debug\Final_Design.a(led_red.o)
 .debug_loc     0x00000c86      0x258 .\CortexM3\ARM_GCC_541\Debug\Final_Design.a(UART_LOG.o)
 .debug_loc     0x00000ede       0x84 .\CortexM3\ARM_GCC_541\Debug\Final_Design.a(Button.o)
 .debug_loc     0x00000f62       0x56 .\CortexM3\ARM_GCC_541\Debug\Final_Design.a(isr_Button.o)
 .debug_loc     0x00000fb8      0x128 .\CortexM3\ARM_GCC_541\Debug\Final_Design.a(WaveDAC8_1_DacClk.o)
 .debug_loc     0x000010e0       0x84 .\CortexM3\ARM_GCC_541\Debug\Final_Design.a(WaveDAC8_1_Wave1_DMA_dma.o)
 .debug_loc     0x00001164       0x84 .\CortexM3\ARM_GCC_541\Debug\Final_Design.a(WaveDAC8_1_Wave2_DMA_dma.o)
 .debug_loc     0x000011e8       0x79 .\CortexM3\ARM_GCC_541\Debug\Final_Design.a(WaveDAC8_1_VDAC8.o)
 .debug_loc     0x00001261       0x6c .\CortexM3\ARM_GCC_541\Debug\Final_Design.a(ADC_AMux.o)
 .debug_loc     0x000012cd      0x12c .\CortexM3\ARM_GCC_541\Debug\Final_Design.a(ADC_Ext_CP_Clk.o)
 .debug_loc     0x000013f9      0x14d .\CortexM3\ARM_GCC_541\Debug\Final_Design.a(ADC_theACLK.o)
 .debug_loc     0x00001546      0x128 .\CortexM3\ARM_GCC_541\Debug\Final_Design.a(UART_LOG_IntClock.o)
 .debug_loc     0x0000166e      0xb8e .\CortexM3\ARM_GCC_541\Debug\Final_Design.a(CyDmac.o)
 .debug_loc     0x000021fc      0xa11 .\CortexM3\ARM_GCC_541\Debug\Final_Design.a(CyLib.o)
 .debug_loc     0x00002c0d      0x1e4 .\CortexM3\ARM_GCC_541\Debug\Final_Design.a(cyPm.o)
 .debug_loc     0x00002df1       0x56 .\CortexM3\ARM_GCC_541\Debug\Final_Design.a(isr_UART.o)
 .debug_loc     0x00002e47      0x3b2 .\CortexM3\ARM_GCC_541\Debug\Final_Design.a(CyFlash.o)
 .debug_loc     0x000031f9      0x705 .\CortexM3\ARM_GCC_541\Debug\Final_Design.a(CySpc.o)

.debug_macinfo
 *(.debug_macinfo)

.debug_ranges   0x00000000      0xb80
 *(.debug_ranges)
 .debug_ranges  0x00000000       0x10 .\CortexM3\ARM_GCC_541\Debug\main.o
 .debug_ranges  0x00000010       0x40 .\CortexM3\ARM_GCC_541\Debug\functions.o
 .debug_ranges  0x00000050       0x58 .\CortexM3\ARM_GCC_541\Debug\cyfitter_cfg.o
 .debug_ranges  0x000000a8       0x38 .\CortexM3\ARM_GCC_541\Debug\Cm3Start.o
 .debug_ranges  0x000000e0       0x40 .\CortexM3\ARM_GCC_541\Debug\Final_Design.a(WaveDAC8_1.o)
 .debug_ranges  0x00000120       0xd8 .\CortexM3\ARM_GCC_541\Debug\Final_Design.a(ADC.o)
 .debug_ranges  0x000001f8       0x28 .\CortexM3\ARM_GCC_541\Debug\Final_Design.a(ADC_INT.o)
 .debug_ranges  0x00000220       0x28 .\CortexM3\ARM_GCC_541\Debug\Final_Design.a(led_green.o)
 .debug_ranges  0x00000248       0x28 .\CortexM3\ARM_GCC_541\Debug\Final_Design.a(led_orange.o)
 .debug_ranges  0x00000270       0x28 .\CortexM3\ARM_GCC_541\Debug\Final_Design.a(led_red.o)
 .debug_ranges  0x00000298       0xe0 .\CortexM3\ARM_GCC_541\Debug\Final_Design.a(UART_LOG.o)
 .debug_ranges  0x00000378       0x38 .\CortexM3\ARM_GCC_541\Debug\Final_Design.a(Button.o)
 .debug_ranges  0x000003b0       0x70 .\CortexM3\ARM_GCC_541\Debug\Final_Design.a(isr_Button.o)
 .debug_ranges  0x00000420       0x60 .\CortexM3\ARM_GCC_541\Debug\Final_Design.a(WaveDAC8_1_DacClk.o)
 .debug_ranges  0x00000480       0x18 .\CortexM3\ARM_GCC_541\Debug\Final_Design.a(WaveDAC8_1_Wave1_DMA_dma.o)
 .debug_ranges  0x00000498       0x18 .\CortexM3\ARM_GCC_541\Debug\Final_Design.a(WaveDAC8_1_Wave2_DMA_dma.o)
 .debug_ranges  0x000004b0       0x48 .\CortexM3\ARM_GCC_541\Debug\Final_Design.a(WaveDAC8_1_VDAC8.o)
 .debug_ranges  0x000004f8       0x20 .\CortexM3\ARM_GCC_541\Debug\Final_Design.a(ADC_AMux.o)
 .debug_ranges  0x00000518       0x60 .\CortexM3\ARM_GCC_541\Debug\Final_Design.a(ADC_Ext_CP_Clk.o)
 .debug_ranges  0x00000578       0x70 .\CortexM3\ARM_GCC_541\Debug\Final_Design.a(ADC_theACLK.o)
 .debug_ranges  0x000005e8       0x60 .\CortexM3\ARM_GCC_541\Debug\Final_Design.a(UART_LOG_IntClock.o)
 .debug_ranges  0x00000648       0xc8 .\CortexM3\ARM_GCC_541\Debug\Final_Design.a(CyDmac.o)
 .debug_ranges  0x00000710      0x290 .\CortexM3\ARM_GCC_541\Debug\Final_Design.a(CyLib.o)
 .debug_ranges  0x000009a0       0x88 .\CortexM3\ARM_GCC_541\Debug\Final_Design.a(cyPm.o)
 .debug_ranges  0x00000a28       0x70 .\CortexM3\ARM_GCC_541\Debug\Final_Design.a(isr_UART.o)
 .debug_ranges  0x00000a98       0x78 .\CortexM3\ARM_GCC_541\Debug\Final_Design.a(CyFlash.o)
 .debug_ranges  0x00000b10       0x70 .\CortexM3\ARM_GCC_541\Debug\Final_Design.a(CySpc.o)

.comment        0x00000000       0x6e
 .comment       0x00000000       0x6e .\CortexM3\ARM_GCC_541\Debug\main.o
                                 0x6f (size before relaxing)
 .comment       0x0000006e       0x6f .\CortexM3\ARM_GCC_541\Debug\functions.o
 .comment       0x0000006e       0x6f .\CortexM3\ARM_GCC_541\Debug\cyfitter_cfg.o
 .comment       0x0000006e       0x6f .\CortexM3\ARM_GCC_541\Debug\cymetadata.o
 .comment       0x0000006e       0x6f .\CortexM3\ARM_GCC_541\Debug\Cm3Start.o
 .comment       0x0000006e       0x6f .\CortexM3\ARM_GCC_541\Debug\Final_Design.a(WaveDAC8_1.o)
 .comment       0x0000006e       0x6f .\CortexM3\ARM_GCC_541\Debug\Final_Design.a(ADC.o)
 .comment       0x0000006e       0x6f .\CortexM3\ARM_GCC_541\Debug\Final_Design.a(ADC_INT.o)
 .comment       0x0000006e       0x6f .\CortexM3\ARM_GCC_541\Debug\Final_Design.a(led_green.o)
 .comment       0x0000006e       0x6f .\CortexM3\ARM_GCC_541\Debug\Final_Design.a(led_orange.o)
 .comment       0x0000006e       0x6f .\CortexM3\ARM_GCC_541\Debug\Final_Design.a(led_red.o)
 .comment       0x0000006e       0x6f .\CortexM3\ARM_GCC_541\Debug\Final_Design.a(UART_LOG.o)
 .comment       0x0000006e       0x6f .\CortexM3\ARM_GCC_541\Debug\Final_Design.a(Button.o)
 .comment       0x0000006e       0x6f .\CortexM3\ARM_GCC_541\Debug\Final_Design.a(isr_Button.o)
 .comment       0x0000006e       0x6f .\CortexM3\ARM_GCC_541\Debug\Final_Design.a(WaveDAC8_1_DacClk.o)
 .comment       0x0000006e       0x6f .\CortexM3\ARM_GCC_541\Debug\Final_Design.a(WaveDAC8_1_Wave1_DMA_dma.o)
 .comment       0x0000006e       0x6f .\CortexM3\ARM_GCC_541\Debug\Final_Design.a(WaveDAC8_1_Wave2_DMA_dma.o)
 .comment       0x0000006e       0x6f .\CortexM3\ARM_GCC_541\Debug\Final_Design.a(WaveDAC8_1_VDAC8.o)
 .comment       0x0000006e       0x6f .\CortexM3\ARM_GCC_541\Debug\Final_Design.a(ADC_AMux.o)
 .comment       0x0000006e       0x6f .\CortexM3\ARM_GCC_541\Debug\Final_Design.a(ADC_Ext_CP_Clk.o)
 .comment       0x0000006e       0x6f .\CortexM3\ARM_GCC_541\Debug\Final_Design.a(ADC_theACLK.o)
 .comment       0x0000006e       0x6f .\CortexM3\ARM_GCC_541\Debug\Final_Design.a(UART_LOG_IntClock.o)
 .comment       0x0000006e       0x6f .\CortexM3\ARM_GCC_541\Debug\Final_Design.a(CyDmac.o)
 .comment       0x0000006e       0x6f .\CortexM3\ARM_GCC_541\Debug\Final_Design.a(CyLib.o)
 .comment       0x0000006e       0x6f .\CortexM3\ARM_GCC_541\Debug\Final_Design.a(cyPm.o)
 .comment       0x0000006e       0x6f .\CortexM3\ARM_GCC_541\Debug\Final_Design.a(isr_UART.o)
 .comment       0x0000006e       0x6f .\CortexM3\ARM_GCC_541\Debug\Final_Design.a(CyFlash.o)
 .comment       0x0000006e       0x6f .\CortexM3\ARM_GCC_541\Debug\Final_Design.a(CySpc.o)

.debug_weaknames
 *(.debug_weaknames)

.debug_funcnames
 *(.debug_funcnames)

.debug_typenames
 *(.debug_typenames)

.debug_varnames
 *(.debug_varnames)

.note.gnu.arm.ident
 *(.note.gnu.arm.ident)

.ARM.attributes
                0x00000000       0x29
 *(.ARM.attributes)
 .ARM.attributes
                0x00000000       0x1d d:/psoc creator/4.4/psoc creator/import/gnu/arm/5.4.1/bin/../lib/gcc/arm-none-eabi/5.4.1/armv7-m/crti.o
 .ARM.attributes
                0x0000001d       0x2d d:/psoc creator/4.4/psoc creator/import/gnu/arm/5.4.1/bin/../lib/gcc/arm-none-eabi/5.4.1/armv7-m/crtbegin.o
 .ARM.attributes
                0x0000004a       0x1b d:/psoc creator/4.4/psoc creator/import/gnu/arm/5.4.1/bin/../lib/gcc/arm-none-eabi/5.4.1/../../../../arm-none-eabi/lib/armv7-m/crt0.o
 .ARM.attributes
                0x00000065       0x33 .\CortexM3\ARM_GCC_541\Debug\main.o
 .ARM.attributes
                0x00000098       0x33 .\CortexM3\ARM_GCC_541\Debug\functions.o
 .ARM.attributes
                0x000000cb       0x33 .\CortexM3\ARM_GCC_541\Debug\cyfitter_cfg.o
 .ARM.attributes
                0x000000fe       0x33 .\CortexM3\ARM_GCC_541\Debug\cymetadata.o
 .ARM.attributes
                0x00000131       0x33 .\CortexM3\ARM_GCC_541\Debug\Cm3Start.o
 .ARM.attributes
                0x00000164       0x33 .\CortexM3\ARM_GCC_541\Debug\Final_Design.a(WaveDAC8_1.o)
 .ARM.attributes
                0x00000197       0x33 .\CortexM3\ARM_GCC_541\Debug\Final_Design.a(ADC.o)
 .ARM.attributes
                0x000001ca       0x33 .\CortexM3\ARM_GCC_541\Debug\Final_Design.a(ADC_INT.o)
 .ARM.attributes
                0x000001fd       0x33 .\CortexM3\ARM_GCC_541\Debug\Final_Design.a(led_green.o)
 .ARM.attributes
                0x00000230       0x33 .\CortexM3\ARM_GCC_541\Debug\Final_Design.a(led_orange.o)
 .ARM.attributes
                0x00000263       0x33 .\CortexM3\ARM_GCC_541\Debug\Final_Design.a(led_red.o)
 .ARM.attributes
                0x00000296       0x33 .\CortexM3\ARM_GCC_541\Debug\Final_Design.a(UART_LOG.o)
 .ARM.attributes
                0x000002c9       0x33 .\CortexM3\ARM_GCC_541\Debug\Final_Design.a(Button.o)
 .ARM.attributes
                0x000002fc       0x33 .\CortexM3\ARM_GCC_541\Debug\Final_Design.a(isr_Button.o)
 .ARM.attributes
                0x0000032f       0x33 .\CortexM3\ARM_GCC_541\Debug\Final_Design.a(WaveDAC8_1_DacClk.o)
 .ARM.attributes
                0x00000362       0x33 .\CortexM3\ARM_GCC_541\Debug\Final_Design.a(WaveDAC8_1_Wave1_DMA_dma.o)
 .ARM.attributes
                0x00000395       0x33 .\CortexM3\ARM_GCC_541\Debug\Final_Design.a(WaveDAC8_1_Wave2_DMA_dma.o)
 .ARM.attributes
                0x000003c8       0x33 .\CortexM3\ARM_GCC_541\Debug\Final_Design.a(WaveDAC8_1_VDAC8.o)
 .ARM.attributes
                0x000003fb       0x33 .\CortexM3\ARM_GCC_541\Debug\Final_Design.a(ADC_AMux.o)
 .ARM.attributes
                0x0000042e       0x33 .\CortexM3\ARM_GCC_541\Debug\Final_Design.a(ADC_Ext_CP_Clk.o)
 .ARM.attributes
                0x00000461       0x33 .\CortexM3\ARM_GCC_541\Debug\Final_Design.a(ADC_theACLK.o)
 .ARM.attributes
                0x00000494       0x33 .\CortexM3\ARM_GCC_541\Debug\Final_Design.a(UART_LOG_IntClock.o)
 .ARM.attributes
                0x000004c7       0x33 .\CortexM3\ARM_GCC_541\Debug\Final_Design.a(CyDmac.o)
 .ARM.attributes
                0x000004fa       0x33 .\CortexM3\ARM_GCC_541\Debug\Final_Design.a(CyLib.o)
 .ARM.attributes
                0x0000052d       0x33 .\CortexM3\ARM_GCC_541\Debug\Final_Design.a(cyPm.o)
 .ARM.attributes
                0x00000560       0x33 .\CortexM3\ARM_GCC_541\Debug\Final_Design.a(isr_UART.o)
 .ARM.attributes
                0x00000593       0x21 .\CortexM3\ARM_GCC_541\Debug\Final_Design.a(CyBootAsmGnu.o)
 .ARM.attributes
                0x000005b4       0x33 .\CortexM3\ARM_GCC_541\Debug\Final_Design.a(CyFlash.o)
 .ARM.attributes
                0x000005e7       0x33 .\CortexM3\ARM_GCC_541\Debug\Final_Design.a(CySpc.o)
 .ARM.attributes
                0x0000061a       0x1d d:/psoc creator/4.4/psoc creator/import/gnu/arm/5.4.1/bin/../lib/gcc/arm-none-eabi/5.4.1/armv7-m\libgcc.a(_arm_addsubdf3.o)
 .ARM.attributes
                0x00000637       0x1d d:/psoc creator/4.4/psoc creator/import/gnu/arm/5.4.1/bin/../lib/gcc/arm-none-eabi/5.4.1/armv7-m\libgcc.a(_arm_cmpdf2.o)
 .ARM.attributes
                0x00000654       0x1d d:/psoc creator/4.4/psoc creator/import/gnu/arm/5.4.1/bin/../lib/gcc/arm-none-eabi/5.4.1/armv7-m\libgcc.a(_arm_addsubsf3.o)
 .ARM.attributes
                0x00000671       0x1d d:/psoc creator/4.4/psoc creator/import/gnu/arm/5.4.1/bin/../lib/gcc/arm-none-eabi/5.4.1/armv7-m\libgcc.a(_arm_muldivsf3.o)
 .ARM.attributes
                0x0000068e       0x1d d:/psoc creator/4.4/psoc creator/import/gnu/arm/5.4.1/bin/../lib/gcc/arm-none-eabi/5.4.1/armv7-m\libgcc.a(_arm_fixunssfsi.o)
 .ARM.attributes
                0x000006ab       0x2d d:/psoc creator/4.4/psoc creator/import/gnu/arm/5.4.1/bin/../lib/gcc/arm-none-eabi/5.4.1/../../../../arm-none-eabi/lib/armv7-m\libg_nano.a(lib_a-errno.o)
 .ARM.attributes
                0x000006d8       0x2d d:/psoc creator/4.4/psoc creator/import/gnu/arm/5.4.1/bin/../lib/gcc/arm-none-eabi/5.4.1/../../../../arm-none-eabi/lib/armv7-m\libg_nano.a(lib_a-exit.o)
 .ARM.attributes
                0x00000705       0x2d d:/psoc creator/4.4/psoc creator/import/gnu/arm/5.4.1/bin/../lib/gcc/arm-none-eabi/5.4.1/../../../../arm-none-eabi/lib/armv7-m\libg_nano.a(lib_a-impure.o)
 .ARM.attributes
                0x00000732       0x2d d:/psoc creator/4.4/psoc creator/import/gnu/arm/5.4.1/bin/../lib/gcc/arm-none-eabi/5.4.1/../../../../arm-none-eabi/lib/armv7-m\libg_nano.a(lib_a-init.o)
 .ARM.attributes
                0x0000075f       0x2d d:/psoc creator/4.4/psoc creator/import/gnu/arm/5.4.1/bin/../lib/gcc/arm-none-eabi/5.4.1/../../../../arm-none-eabi/lib/armv7-m\libg_nano.a(lib_a-memcpy-stub.o)
 .ARM.attributes
                0x0000078c       0x2d d:/psoc creator/4.4/psoc creator/import/gnu/arm/5.4.1/bin/../lib/gcc/arm-none-eabi/5.4.1/../../../../arm-none-eabi/lib/armv7-m\libg_nano.a(lib_a-memset.o)
 .ARM.attributes
                0x000007b9       0x2d d:/psoc creator/4.4/psoc creator/import/gnu/arm/5.4.1/bin/../lib/gcc/arm-none-eabi/5.4.1/armv7-m/crtend.o
 .ARM.attributes
                0x000007e6       0x1d d:/psoc creator/4.4/psoc creator/import/gnu/arm/5.4.1/bin/../lib/gcc/arm-none-eabi/5.4.1/armv7-m/crtn.o

/DISCARD/
 *(.note.GNU-stack)
OUTPUT(D:\MS\HDA\Embedded\Second_sem\System_Driven_Hardware_Design\Lab3_Lab4\Final_Integrated\Final_after_updates\Final_Design.cydsn\Final_Design.cydsn\CortexM3\ARM_GCC_541\Debug\Final_Design.elf elf32-littlearm)
